<html>
<body>
<pre>
<h1>礦ision Build Log</h1>
<h2>Tool Versions:</h2>
IDE-Version: μVision V5.30.0.0
Copyright (C) 2020 ARM Ltd and ARM Germany GmbH. All rights reserved.
License Information: li lic98095@gmail.com, 桂林电子科技有限公司, LIC=Q7GUH-WPH58-AWQ2F-6VA5V-CHLEK-S98BL
 
Tool Versions:
Toolchain:       MDK-ARM Professional  Version: 5.30.0.0
Toolchain Path:  D:\keil_v5\ARM\ARMCC\Bin
C Compiler:      Armcc.exe V5.06 update 6 (build 750)
Assembler:       Armasm.exe V5.06 update 6 (build 750)
Linker/Locator:  ArmLink.exe V5.06 update 6 (build 750)
Library Manager: ArmAr.exe V5.06 update 6 (build 750)
Hex Converter:   FromElf.exe V5.06 update 6 (build 750)
CPU DLL:         SARMCM3.DLL V5.30.0.0
Dialog DLL:      DARMSTM.DLL V1.68.0.0
Target DLL:      Segger\JL2CM3.dll V2.99.38.0
Dialog DLL:      TARMSTM.DLL V1.66.0.0
 
<h2>Project:</h2>
I:\智能打靶\ALIENTEK MINISTM32 实验11 TFT LCD液晶显示实验\USER\LCD.uvprojx
Project File Date:  01/11/2021

<h2>Output:</h2>
*** Using Compiler 'V5.06 update 6 (build 750)', folder: 'D:\keil_v5\ARM\ARMCC\Bin'
Build target 'Target 1'
compiling main.c...
..\HARDWARE\USART2\usart2.h(8): warning:  #1-D: last line of file ends without a newline
  #endif
main.c(99): warning:  #177-D: variable "num"  was declared but never referenced
  	u16 num = 0;
main.c(100): warning:  #177-D: variable "num_for_addr"  was declared but never referenced
  	static u8 num_for_addr = 0;
main.c: 3 warnings, 0 errors
linking...
Program Size: Code=26700 RO-data=6416 RW-data=64 ZI-data=1792  
FromELF: creating hex file...
"..\OBJ\LCD.axf" - 0 Error(s), 3 Warning(s).

<h2>Software Packages used:</h2>

Package Vendor: Keil
                http://www.keil.com/pack/Keil.STM32F1xx_DFP.2.3.0.pack
                Keil.STM32F1xx_DFP.2.3.0
                STMicroelectronics STM32F1 Series Device Support, Drivers and Examples

<h2>Collection of Component include folders:</h2>
  .\RTE\_Target_1
  D:\keil_v5\Keil\STM32F1xx_DFP\2.3.0\Device\Include

<h2>Collection of Component Files used:</h2>
Build Time Elapsed:  00:00:02
</pre>
</body>
</html>
